0000 0000	0000 0000 0000 0001 1000 0011 1001 1111
0000 0001	0000 1000 0111 1000 0100 1001 1000 0011
0000 0010	0000 0100 0101 0110 1000 0000 1110 1001
0000 0011	1010 0001 0110 0100 1100 1010 0000 1011
