0000 0000	0000 0000 0000 0000 0000 0000 0000 0001
0000 0001	0000 0000 0000 0000 0000 0000 0000 0000
0000 0010	0000 0000 0000 0000 0000 0000 0000 0001
0000 0011	1111 1111 1111 0000 1111 1111 1111 1110
0000 0100	0000 0000 0000 0000 0000 0000 0000 0001
0000 0101	0000 0000 0000 0000 0000 0000 0000 0010
