0000 0000	0010 1010 1010 1010 1001 1111 1101 0010
0000 0001	0000 0000 0000 0000 0000 0000 0000 0000
0000 0010	0000 0000 0000 0000 0000 0000 0000 0001
0000 0011	0000 0000 0000 0000 0000 0000 0000 0001
